--- Registering Donor ---
Register Response: {
  success: false,
  message: '\n' +
    'Invalid `tx.donor.create()` invocation in\n' +
    'S:\\blood_donation\\backend\\src\\controllers\\authController.js:62:24\n' +
    '\n' +
    '  59 });\n' +
    '  60 \n' +
    "  61 if (role === 'donor') {\n" +
    'ΓåÆ 62   await tx.donor.create({\n' +
    '         data: {\n' +
    '           user_id: "01afab22-1397-4679-88db-3ac75d2ae74f",\n' +
    '           blood_group: "O+",\n' +
    '                        ~~~~\n' +
    '           age: 30,\n' +
    '           gender: "Male",\n' +
    '           dob: new Date("1995-01-01T00:00:00.000Z"),\n' +
    '           body_weight: null,\n' +
    '           major_illness: null,\n' +
    '           taking_medication_date: null,\n' +
    '           last_donation_date: null,\n' +
    '           recent_surgery_date: null,\n' +
    '           is_pregnant: false,\n' +
    '           district: null,\n' +
    '           address: null,\n' +
    '           latitude: null,\n' +
    '           longitude: null,\n' +
    '           available_time: "Any",\n' +
    '           willing_to_travel: false,\n' +
    '           id_proof_type: null,\n' +
    '           id_proof_no: null,\n' +
    '           consent_declaration: true,\n' +
    '           medical_notes: null\n' +
    '         }\n' +
    '       })\n' +
    '\n' +
    'Invalid value for argument `blood_group`. Expected BloodGroup.'
}

--- Logging in ---
Login Response: { success: false, message: 'Invalid credentials.' }

--- Checking DB ---
User in DB: null
